metal1		NET		1		0
metal1		SPNET		2		0
metal1		PIN		3		0
metal1		LEFPIN		4		0
metal1		FILL		5		0
metal1		FILLOPC		6		0
metal1		VIA		7		0
metal1		VIAFILL		8		0
metal1		VIAFILLOPC		9		0
metal1		LEFOBS		10		0
via1		PIN		15		0
via1		LEFPIN		16		0
via1		FILL		17		0
via1		FILLOPC		18		0
via1		VIA		19		0
via1		VIAFILL		20		0
via1		VIAFILLOPC		21		0
metal2		NET		22		0
metal2		SPNET		23		0
metal2		PIN		24		0
metal2		LEFPIN		25		0
metal2		FILL		26		0
metal2		FILLOPC		27		0
metal2		VIA		28		0
metal2		VIAFILL		29		0
metal2		VIAFILLOPC		30		0
metal2		LEFOBS		31		0
via2		PIN		36		0
via2		LEFPIN		37		0
via2		FILL		38		0
via2		FILLOPC		39		0
via2		VIA		40		0
via2		VIAFILL		41		0
via2		VIAFILLOPC		42		0
metal3		NET		43		0
metal3		SPNET		44		0
metal3		PIN		45		0
metal3		LEFPIN		46		0
metal3		FILL		47		0
metal3		FILLOPC		48		0
metal3		VIA		49		0
metal3		VIAFILL		50		0
metal3		VIAFILLOPC		51		0
metal3		LEFOBS		52		0
via3		PIN		57		0
via3		LEFPIN		58		0
via3		FILL		59		0
via3		FILLOPC		60		0
via3		VIA		61		0
via3		VIAFILL		62		0
via3		VIAFILLOPC		63		0
metal4		NET		64		0
metal4		SPNET		65		0
metal4		PIN		66		0
metal4		LEFPIN		67		0
metal4		FILL		68		0
metal4		FILLOPC		69		0
metal4		VIA		70		0
metal4		VIAFILL		71		0
metal4		VIAFILLOPC		72		0
metal4		LEFOBS		73		0
via4		PIN		78		0
via4		LEFPIN		79		0
via4		FILL		80		0
via4		FILLOPC		81		0
via4		VIA		82		0
via4		VIAFILL		83		0
via4		VIAFILLOPC		84		0
metal5		NET		85		0
metal5		SPNET		86		0
metal5		PIN		87		0
metal5		LEFPIN		88		0
metal5		FILL		89		0
metal5		FILLOPC		90		0
metal5		VIA		91		0
metal5		VIAFILL		92		0
metal5		VIAFILLOPC		93		0
metal5		LEFOBS		94		0
COMP		ALL		100		0
DIEAREA		ALL		101		0
